d:\pcloud\pcloud\githubrepositories\cpp-2d-interactive-graphs-sfml\cpp-2d-i.8a4a35b3\x64\debug\vc143.pdb
d:\pcloud\pcloud\githubrepositories\cpp-2d-interactive-graphs-sfml\cpp-2d-i.8a4a35b3\x64\debug\vc143.idb
d:\pcloud\pcloud\githubrepositories\cpp-2d-interactive-graphs-sfml\cpp-2d-i.8a4a35b3\x64\debug\source.obj
d:\pcloud\pcloud\githubrepositories\cpp-2d-interactive-graphs-sfml\cpp-2d-i.8a4a35b3\x64\debug\cpp-2d-interactive-graphs-sfml.ilk
d:\pcloud\pcloud\githubrepositories\cpp-2d-interactive-graphs-sfml\cpp-2d-i.8a4a35b3\x64\debug\source [conflicted 10].obj
d:\pcloud\pcloud\githubrepositories\cpp-2d-interactive-graphs-sfml\cpp-2d-i.8a4a35b3\x64\debug\source [conflicted 11].obj
d:\pcloud\pcloud\githubrepositories\cpp-2d-interactive-graphs-sfml\cpp-2d-i.8a4a35b3\x64\debug\source [conflicted 12].obj
d:\pcloud\pcloud\githubrepositories\cpp-2d-interactive-graphs-sfml\cpp-2d-i.8a4a35b3\x64\debug\source [conflicted 13].obj
d:\pcloud\pcloud\githubrepositories\cpp-2d-interactive-graphs-sfml\cpp-2d-i.8a4a35b3\x64\debug\source [conflicted 14].obj
d:\pcloud\pcloud\githubrepositories\cpp-2d-interactive-graphs-sfml\cpp-2d-i.8a4a35b3\x64\debug\source [conflicted 15].obj
d:\pcloud\pcloud\githubrepositories\cpp-2d-interactive-graphs-sfml\cpp-2d-i.8a4a35b3\x64\debug\source [conflicted 16].obj
d:\pcloud\pcloud\githubrepositories\cpp-2d-interactive-graphs-sfml\cpp-2d-i.8a4a35b3\x64\debug\source [conflicted 17].obj
d:\pcloud\pcloud\githubrepositories\cpp-2d-interactive-graphs-sfml\cpp-2d-i.8a4a35b3\x64\debug\source [conflicted 18].obj
d:\pcloud\pcloud\githubrepositories\cpp-2d-interactive-graphs-sfml\cpp-2d-i.8a4a35b3\x64\debug\source [conflicted 19].obj
d:\pcloud\pcloud\githubrepositories\cpp-2d-interactive-graphs-sfml\cpp-2d-i.8a4a35b3\x64\debug\source [conflicted 20].obj
d:\pcloud\pcloud\githubrepositories\cpp-2d-interactive-graphs-sfml\cpp-2d-i.8a4a35b3\x64\debug\source [conflicted 21].obj
d:\pcloud\pcloud\githubrepositories\cpp-2d-interactive-graphs-sfml\cpp-2d-i.8a4a35b3\x64\debug\source [conflicted 22].obj
d:\pcloud\pcloud\githubrepositories\cpp-2d-interactive-graphs-sfml\cpp-2d-i.8a4a35b3\x64\debug\source [conflicted 23].obj
d:\pcloud\pcloud\githubrepositories\cpp-2d-interactive-graphs-sfml\cpp-2d-i.8a4a35b3\x64\debug\source [conflicted 24].obj
d:\pcloud\pcloud\githubrepositories\cpp-2d-interactive-graphs-sfml\cpp-2d-i.8a4a35b3\x64\debug\source [conflicted 25].obj
d:\pcloud\pcloud\githubrepositories\cpp-2d-interactive-graphs-sfml\cpp-2d-i.8a4a35b3\x64\debug\source [conflicted 26].obj
d:\pcloud\pcloud\githubrepositories\cpp-2d-interactive-graphs-sfml\cpp-2d-i.8a4a35b3\x64\debug\source [conflicted 27].obj
d:\pcloud\pcloud\githubrepositories\cpp-2d-interactive-graphs-sfml\cpp-2d-i.8a4a35b3\x64\debug\source [conflicted 28].obj
d:\pcloud\pcloud\githubrepositories\cpp-2d-interactive-graphs-sfml\cpp-2d-i.8a4a35b3\x64\debug\source [conflicted 29].obj
d:\pcloud\pcloud\githubrepositories\cpp-2d-interactive-graphs-sfml\cpp-2d-i.8a4a35b3\x64\debug\source [conflicted 2].obj
d:\pcloud\pcloud\githubrepositories\cpp-2d-interactive-graphs-sfml\cpp-2d-i.8a4a35b3\x64\debug\source [conflicted 30].obj
d:\pcloud\pcloud\githubrepositories\cpp-2d-interactive-graphs-sfml\cpp-2d-i.8a4a35b3\x64\debug\source [conflicted 31].obj
d:\pcloud\pcloud\githubrepositories\cpp-2d-interactive-graphs-sfml\cpp-2d-i.8a4a35b3\x64\debug\source [conflicted 32].obj
d:\pcloud\pcloud\githubrepositories\cpp-2d-interactive-graphs-sfml\cpp-2d-i.8a4a35b3\x64\debug\source [conflicted 33].obj
d:\pcloud\pcloud\githubrepositories\cpp-2d-interactive-graphs-sfml\cpp-2d-i.8a4a35b3\x64\debug\source [conflicted 34].obj
d:\pcloud\pcloud\githubrepositories\cpp-2d-interactive-graphs-sfml\cpp-2d-i.8a4a35b3\x64\debug\source [conflicted 3].obj
d:\pcloud\pcloud\githubrepositories\cpp-2d-interactive-graphs-sfml\cpp-2d-i.8a4a35b3\x64\debug\source [conflicted 4].obj
d:\pcloud\pcloud\githubrepositories\cpp-2d-interactive-graphs-sfml\cpp-2d-i.8a4a35b3\x64\debug\source [conflicted 5].obj
d:\pcloud\pcloud\githubrepositories\cpp-2d-interactive-graphs-sfml\cpp-2d-i.8a4a35b3\x64\debug\source [conflicted 6].obj
d:\pcloud\pcloud\githubrepositories\cpp-2d-interactive-graphs-sfml\cpp-2d-i.8a4a35b3\x64\debug\source [conflicted 7].obj
d:\pcloud\pcloud\githubrepositories\cpp-2d-interactive-graphs-sfml\cpp-2d-i.8a4a35b3\x64\debug\source [conflicted 8].obj
d:\pcloud\pcloud\githubrepositories\cpp-2d-interactive-graphs-sfml\cpp-2d-i.8a4a35b3\x64\debug\source [conflicted 9].obj
d:\pcloud\pcloud\githubrepositories\cpp-2d-interactive-graphs-sfml\cpp-2d-i.8a4a35b3\x64\debug\source [conflicted].obj
d:\pcloud\pcloud\githubrepositories\cpp-2d-interactive-graphs-sfml\x64\debug\cpp-2d-interactive-graphs-sfml.pdb
d:\pcloud\pcloud\githubrepositories\cpp-2d-interactive-graphs-sfml\cpp-2d-i.8a4a35b3\x64\debug\cpp-2d-i.8a4a35b3.tlog\cl.command.1.tlog
d:\pcloud\pcloud\githubrepositories\cpp-2d-interactive-graphs-sfml\cpp-2d-i.8a4a35b3\x64\debug\cpp-2d-i.8a4a35b3.tlog\cl.items.tlog
d:\pcloud\pcloud\githubrepositories\cpp-2d-interactive-graphs-sfml\cpp-2d-i.8a4a35b3\x64\debug\cpp-2d-i.8a4a35b3.tlog\cl.read.1.tlog
d:\pcloud\pcloud\githubrepositories\cpp-2d-interactive-graphs-sfml\cpp-2d-i.8a4a35b3\x64\debug\cpp-2d-i.8a4a35b3.tlog\cl.write.1.tlog
d:\pcloud\pcloud\githubrepositories\cpp-2d-interactive-graphs-sfml\cpp-2d-i.8a4a35b3\x64\debug\cpp-2d-i.8a4a35b3.tlog\link.1324.read.1.tlog
d:\pcloud\pcloud\githubrepositories\cpp-2d-interactive-graphs-sfml\cpp-2d-i.8a4a35b3\x64\debug\cpp-2d-i.8a4a35b3.tlog\link.1324.read.2.tlog
d:\pcloud\pcloud\githubrepositories\cpp-2d-interactive-graphs-sfml\cpp-2d-i.8a4a35b3\x64\debug\cpp-2d-i.8a4a35b3.tlog\link.1324.read.3.tlog
d:\pcloud\pcloud\githubrepositories\cpp-2d-interactive-graphs-sfml\cpp-2d-i.8a4a35b3\x64\debug\cpp-2d-i.8a4a35b3.tlog\link.1324.write.1.tlog
d:\pcloud\pcloud\githubrepositories\cpp-2d-interactive-graphs-sfml\cpp-2d-i.8a4a35b3\x64\debug\cpp-2d-i.8a4a35b3.tlog\link.command.1.tlog
d:\pcloud\pcloud\githubrepositories\cpp-2d-interactive-graphs-sfml\cpp-2d-i.8a4a35b3\x64\debug\cpp-2d-i.8a4a35b3.tlog\link.read.1.tlog
d:\pcloud\pcloud\githubrepositories\cpp-2d-interactive-graphs-sfml\cpp-2d-i.8a4a35b3\x64\debug\cpp-2d-i.8a4a35b3.tlog\link.read.2.tlog
d:\pcloud\pcloud\githubrepositories\cpp-2d-interactive-graphs-sfml\cpp-2d-i.8a4a35b3\x64\debug\cpp-2d-i.8a4a35b3.tlog\link.read.3.tlog
d:\pcloud\pcloud\githubrepositories\cpp-2d-interactive-graphs-sfml\cpp-2d-i.8a4a35b3\x64\debug\cpp-2d-i.8a4a35b3.tlog\link.secondary.1.tlog
d:\pcloud\pcloud\githubrepositories\cpp-2d-interactive-graphs-sfml\cpp-2d-i.8a4a35b3\x64\debug\cpp-2d-i.8a4a35b3.tlog\link.write.1.tlog
